gfortran: error: readEAM.f90: No such file or directory
